[cloudera@quickstart ~]$ hdfs dfs -ls /user/cloudera;
Found 11 items
drwxr-xr-x   - cloudera cloudera          0 2021-02-18 01:22 /user/cloudera/Persons_folder
drwxr-xr-x   - cloudera cloudera          0 2021-03-11 04:58 /user/cloudera/Persons_table_as_PARQUET_folder
drwxr-xr-x   - cloudera cloudera          0 2021-03-11 03:33 /user/cloudera/Persons_table_as_sequence_folder
drwxr-xr-x   - cloudera cloudera          0 2021-02-11 00:40 /user/cloudera/my_Third_data
drwxr-xr-x   - cloudera cloudera          0 2021-02-11 00:30 /user/cloudera/my_second_data
drwxr-xr-x   - cloudera cloudera          0 2021-02-11 00:33 /user/cloudera/my_third_data
drwxr-xr-x   - cloudera cloudera          0 2021-02-10 20:09 /user/cloudera/myfirstdata
drwxr-xr-x   - cloudera cloudera          0 2021-02-11 04:04 /user/cloudera/students
drwxr-xr-x   - cloudera cloudera          0 2021-02-11 00:55 /user/cloudera/students_6
drwxr-xr-x   - cloudera cloudera          0 2021-02-11 01:15 /user/cloudera/students_7
drwxr-xr-x   - cloudera cloudera          0 2021-02-18 01:03 /user/cloudera/testing_folder



[cloudera@quickstart ~]$ sqoop import --connect jdbc:mysql://localhost/ABC --username root --password cloudera --table Persons --target-dir /user/cloudera/Persons_avrodata_folder --as-avrodatafile; -------------------------------------(this is the command for converting data in avrodata format) 
Warning: /usr/lib/sqoop/../accumulo does not exist! Accumulo imports will fail.

Please set $ACCUMULO_HOME to the root of your Accumulo installation.
21/03/11 07:53:04 INFO sqoop.Sqoop: Running Sqoop version: 1.4.6-cdh5.13.0
21/03/11 07:53:04 WARN tool.BaseSqoopTool: Setting your password on the command-line is insecure. Consider using -P instead.
21/03/11 07:53:04 INFO manager.MySQLManager: Preparing to use a MySQL streaming resultset.
21/03/11 07:53:04 INFO tool.CodeGenTool: Beginning code generation
21/03/11 07:53:05 INFO manager.SqlManager: Executing SQL statement: SELECT t.* FROM `Persons` AS t LIMIT 1
21/03/11 07:53:05 INFO manager.SqlManager: Executing SQL statement: SELECT t.* FROM `Persons` AS t LIMIT 1
21/03/11 07:53:05 INFO orm.CompilationManager: HADOOP_MAPRED_HOME is /usr/lib/hadoop-mapreduce
Note: /tmp/sqoop-cloudera/compile/a88d1edfa4f8b519512c1a1aa5ec99ba/Persons.java uses or overrides a deprecated API.
Note: Recompile with -Xlint:deprecation for details.
21/03/11 07:53:07 INFO orm.CompilationManager: Writing jar file: /tmp/sqoop-cloudera/compile/a88d1edfa4f8b519512c1a1aa5ec99ba/Persons.jar
21/03/11 07:53:07 WARN manager.MySQLManager: It looks like you are importing from mysql.
21/03/11 07:53:07 WARN manager.MySQLManager: This transfer can be faster! Use the --direct
21/03/11 07:53:07 WARN manager.MySQLManager: option to exercise a MySQL-specific fast path.
21/03/11 07:53:07 INFO manager.MySQLManager: Setting zero DATETIME behavior to convertToNull (mysql)
21/03/11 07:53:07 INFO mapreduce.ImportJobBase: Beginning import of Persons
21/03/11 07:53:07 INFO Configuration.deprecation: mapred.job.tracker is deprecated. Instead, use mapreduce.jobtracker.address
21/03/11 07:53:08 INFO Configuration.deprecation: mapred.jar is deprecated. Instead, use mapreduce.job.jar
21/03/11 07:53:09 INFO manager.SqlManager: Executing SQL statement: SELECT t.* FROM `Persons` AS t LIMIT 1
21/03/11 07:53:09 INFO manager.SqlManager: Executing SQL statement: SELECT t.* FROM `Persons` AS t LIMIT 1
21/03/11 07:53:09 INFO mapreduce.DataDrivenImportJob: Writing Avro schema file: /tmp/sqoop-cloudera/compile/a88d1edfa4f8b519512c1a1aa5ec99ba/Persons.avsc
21/03/11 07:53:09 INFO Configuration.deprecation: mapred.map.tasks is deprecated. Instead, use mapreduce.job.maps
21/03/11 07:53:09 INFO client.RMProxy: Connecting to ResourceManager at /0.0.0.0:8032
21/03/11 07:53:13 INFO db.DBInputFormat: Using read commited transaction isolation
21/03/11 07:53:13 INFO db.DataDrivenDBInputFormat: BoundingValsQuery: SELECT MIN(`Id`), MAX(`Id`) FROM `Persons`
21/03/11 07:53:13 INFO db.IntegerSplitter: Split size: 0; Num splits: 4 from: 1 to: 3
21/03/11 07:53:13 INFO mapreduce.JobSubmitter: number of splits:3
21/03/11 07:53:13 INFO mapreduce.JobSubmitter: Submitting tokens for job: job_1615471072174_0001
21/03/11 07:53:14 INFO impl.YarnClientImpl: Submitted application application_1615471072174_0001
21/03/11 07:53:15 INFO mapreduce.Job: The url to track the job: http://quickstart.cloudera:8088/proxy/application_1615471072174_0001/
21/03/11 07:53:15 INFO mapreduce.Job: Running job: job_1615471072174_0001
21/03/11 07:53:33 INFO mapreduce.Job: Job job_1615471072174_0001 running in uber mode : false
21/03/11 07:53:33 INFO mapreduce.Job:  map 0% reduce 0%
21/03/11 07:53:52 INFO mapreduce.Job:  map 100% reduce 0%
21/03/11 07:53:53 INFO mapreduce.Job: Job job_1615471072174_0001 completed successfully
21/03/11 07:53:53 INFO mapreduce.Job: Counters: 30
	File System Counters
		FILE: Number of bytes read=0
		FILE: Number of bytes written=514701
		FILE: Number of read operations=0
		FILE: Number of large read operations=0
		FILE: Number of write operations=0
		HDFS: Number of bytes read=295
		HDFS: Number of bytes written=1617
		HDFS: Number of read operations=12
		HDFS: Number of large read operations=0
		HDFS: Number of write operations=6
	Job Counters 
		Launched map tasks=3
		Other local map tasks=3
		Total time spent by all maps in occupied slots (ms)=46154
		Total time spent by all reduces in occupied slots (ms)=0
		Total time spent by all map tasks (ms)=46154
		Total vcore-milliseconds taken by all map tasks=46154
		Total megabyte-milliseconds taken by all map tasks=47261696
	Map-Reduce Framework
		Map input records=3
		Map output records=3
		Input split bytes=295
		Spilled Records=0
		Failed Shuffles=0
		Merged Map outputs=0
		GC time elapsed (ms)=259
		CPU time spent (ms)=5070
		Physical memory (bytes) snapshot=599736320
		Virtual memory (bytes) snapshot=4742004736
		Total committed heap usage (bytes)=506462208
	File Input Format Counters 
		Bytes Read=0
	File Output Format Counters 
		Bytes Written=1617
21/03/11 07:53:53 INFO mapreduce.ImportJobBase: Transferred 1.5791 KB in 43.8799 seconds (36.8506 bytes/sec)
21/03/11 07:53:53 INFO mapreduce.ImportJobBase: Retrieved 3 records.---------------------------------------------------------------(here we can see it has retrieved 3 records.)
[cloudera@quickstart ~]$ 
[cloudera@quickstart ~]$ hdfs dfs -ls /user/cloudera;
Found 12 items
drwxr-xr-x   - cloudera cloudera          0 2021-03-11 07:53 /user/cloudera/Persons_avrodata_folder---------------------------------(here we can see now Persons_avrodata_folder has been added to our targetted directory)
drwxr-xr-x   - cloudera cloudera          0 2021-02-18 01:22 /user/cloudera/Persons_folder
drwxr-xr-x   - cloudera cloudera          0 2021-03-11 04:58 /user/cloudera/Persons_table_as_PARQUET_folder
drwxr-xr-x   - cloudera cloudera          0 2021-03-11 03:33 /user/cloudera/Persons_table_as_sequence_folder
drwxr-xr-x   - cloudera cloudera          0 2021-02-11 00:40 /user/cloudera/my_Third_data
drwxr-xr-x   - cloudera cloudera          0 2021-02-11 00:30 /user/cloudera/my_second_data
drwxr-xr-x   - cloudera cloudera          0 2021-02-11 00:33 /user/cloudera/my_third_data
drwxr-xr-x   - cloudera cloudera          0 2021-02-10 20:09 /user/cloudera/myfirstdata
drwxr-xr-x   - cloudera cloudera          0 2021-02-11 04:04 /user/cloudera/students
drwxr-xr-x   - cloudera cloudera          0 2021-02-11 00:55 /user/cloudera/students_6
drwxr-xr-x   - cloudera cloudera          0 2021-02-11 01:15 /user/cloudera/students_7
drwxr-xr-x   - cloudera cloudera          0 2021-02-18 01:03 /user/cloudera/testing_folder
[cloudera@quickstart ~]$ hdfs dfs -ls /user/cloudera/Persons_avrodata_folder;----------------------------------------------(here we listed what is inside our folder)
Found 4 items
-rw-r--r--   1 cloudera cloudera          0 2021-03-11 07:53 /user/cloudera/Persons_avrodata_folder/_SUCCESS
-rw-r--r--   1 cloudera cloudera        538 2021-03-11 07:53 /user/cloudera/Persons_avrodata_folder/part-m-00000.avro
-rw-r--r--   1 cloudera cloudera        539 2021-03-11 07:53 /user/cloudera/Persons_avrodata_folder/part-m-00001.avro
-rw-r--r--   1 cloudera cloudera        540 2021-03-11 07:53 /user/cloudera/Persons_avrodata_folder/part-m-00002.avro

[cloudera@quickstart ~]$ hdfs dfs -cat /user/cloudera/Persons_avrodata_folder;-----------------------------------------------------(here we viewed our data)

cat: `/user/cloudera/Persons_avrodata_folder': Is a directory
[cloudera@quickstart ~]$ hdfs dfs -cat /user/cloudera/Persons_avrodata_folder/*;
Objavro.schema�{"type":"record","name":"Persons","doc":"Sqoop import of Persons","fields":[{"name":"Id","type":["null","int"],"default":null,"columnName":"Id","sqlType":"4"},{"name":"LastName","type":["null","string"],"default":null,"columnName":"LastName","sqlType":"12"},{"name":"Firstname","type":["null","string"],"default":null,"columnName":"Firstname","sqlType":"12"},{"name":"Age","type":["null","int"],"default":null,"columnName":"Age","sqlType":"4"}],"tableName":"Persons"}�9�H��1M�)f��Z��"
KumarAjay4�9�H��1M�)f��Z��Objavro.schema�{"type":"record","name":"Persons","doc":"Sqoop import of Persons","fields":[{"name":"Id","type":["null","int"],"default":null,"columnName":"Id","sqlType":"4"},{"name":"LastName","type":["null","string"],"default":null,"columnName":"LastName","sqlType":"12"},{"name":"Firstname","type":["null","string"],"default":null,"columnName":"Firstname","sqlType":"12"},{"name":"Age","type":["null","int"],"default":null,"columnName":"Age","sqlType":"4"}],"tableName":"Persons"}eh<Q2-�6�"+-��
                      $
Singh
Ayush.eh<Q2-�6�"+-��
                     Objavro.schema�{"type":"record","name":"Persons","doc":"Sqoop import of Persons","fields":[{"name":"Id","type":["null","int"],"default":null,"columnName":"Id","sqlType":"4"},{"name":"LastName","type":["null","string"],"default":null,"columnName":"LastName","sqlType":"12"},{"name":"Firstname","type":["null","string"],"default":null,"columnName":"Firstname","sqlType":"12"},{"name":"Age","type":["null","int"],"default":null,"columnName":"Age","sqlType":"4"}],"tableName":"Persons"}��q�!ʬ��um�&
                    Sharma
Akash(��q�!ʬ��um�[cloudera@quickstart ~]$ 
[cloudera@quickstart ~]$ 
[cloudera@quickstart ~]$ 
[cloudera@quickstart ~]$ 
